[backblue.gif]
[fade.gif]
[index.html]
[ibet6888.demo.com.my/Images/favicon.ico]
[ibet6888.demo.com.my/Scripts/jquery-3.3.1.min.js]
[ibet6888.demo.com.my/Scripts/popper.min.js]
[ibet6888.demo.com.my/Scripts/bootstrap.min.js]
[ibet6888.demo.com.my/Scripts/jquery.mmenu.all.js]
[ibet6888.demo.com.my/Scripts/jquery.touchSwipe.min.js]
[ibet6888.demo.com.my/Scripts/slick.min.js]
[ibet6888.demo.com.my/Scripts/jquery.marquee.min.js]
[ibet6888.demo.com.my/Scripts/bootstrap-select.min.js]
[ibet6888.demo.com.my/Scripts/jquery.matchHeight-min.js]
[ibet6888.demo.com.my/Scripts/script-head.js]
[ibet6888.demo.com.my/Images/Logo_300x1192b9a.png]
[ibet6888.demo.com.my/Images/Logo_300x146285e.png]
[ibet6888.demo.com.my/Images/en/promo-4.jpg]
[ibet6888.demo.com.my/Images/en/promo-5.jpg]
[ibet6888.demo.com.my/Images/en/promo-6.jpg]
[ibet6888.demo.com.my/Images/imgFeatured-1580.png]
[ibet6888.demo.com.my/Images/featured-1.png]
[ibet6888.demo.com.my/Images/featured-2.png]
[ibet6888.demo.com.my/Images/featured-3.png]
[ibet6888.demo.com.my/Images/imgFeatured-1480.png]
[ibet6888.demo.com.my/Images/featured-6.png]
[ibet6888.demo.com.my/Images/featured-5.png]
[ibet6888.demo.com.my/Images/en/tv.jpg]
[ibet6888.demo.com.my/Images/en/movie.jpg]
[ibet6888.demo.com.my/Images/en/mall.jpg]
[ibet6888.demo.com.my/Images/en/guide.jpg]
[ibet6888.demo.com.my/Images/en/big-blog.jpg]
[ibet6888.demo.com.my/Images/blog-1.jpg]
[ibet6888.demo.com.my/Images/blog-2.jpg]
[ibet6888.demo.com.my/Images/partner/imgPartner-1160.png]
[ibet6888.demo.com.my/Images/partner/imgPartner-1330.png]
[ibet6888.demo.com.my/Images/partner/imgPartner-1360.png]
[ibet6888.demo.com.my/Images/partner/imgPartner-1220.png]
[ibet6888.demo.com.my/Images/partner/imgPartner-1320.png]
[ibet6888.demo.com.my/Images/partner/imgPartner-1210.png]
[ibet6888.demo.com.my/Images/partner/imgPartner-1040.png]
[ibet6888.demo.com.my/Images/partner/imgPartner-first-cagayan.png]
[ibet6888.demo.com.my/Images/partner/imgPartner-1250.png]
[ibet6888.demo.com.my/Images/partner/imgPartner-1140.png]
[ibet6888.demo.com.my/Images/partner/imgPartner-1420.png]
[ibet6888.demo.com.my/Images/partner/imgPartner-1430.png]
[ibet6888.demo.com.my/Images/partner/imgPartner-1440.png]
[ibet6888.demo.com.my/Images/partner/imgPartner-ceza.png]
[ibet6888.demo.com.my/Images/partner/imgPartner-1090.png]
[ibet6888.demo.com.my/Images/partner/imgPartner-sky3888.png]
[ibet6888.demo.com.my/Images/partner/imgPartner-mq.png]
[ibet6888.demo.com.my/Images/partner/imgPartner-1240.png]
[ibet6888.demo.com.my/Images/partner/imgPartner-1190.png]
[ibet6888.demo.com.my/Images/partner/imgPartner-1260.png]
[ibet6888.demo.com.my/Images/partner/imgPartner-scr888.png]
[ibet6888.demo.com.my/Images/partner/imgPartner-da-ma-cai.png]
[ibet6888.demo.com.my/Images/partner/imgPartner-1380.png]
[ibet6888.demo.com.my/Images/partner/imgPartner-magnum.png]
[ibet6888.demo.com.my/Images/partner/imgPartner-sports-toto-malaysia.png]
[ibet6888.demo.com.my/Images/partner/imgPartner-1460.png]
[ibet6888.demo.com.my/Images/partner/imgPartner-1480.png]
[ibet6888.demo.com.my/Images/partner/imgPartner-1500.png]
[ibet6888.demo.com.my/Images/partner/imgPartner-1400.png]
[ibet6888.demo.com.my/Images/partner/imgPartner-1580.png]
[ibet6888.demo.com.my/Images/partner/imgPartner-1630.png]
[ibet6888.demo.com.my/Images/bank-maybank.jpg]
[ibet6888.demo.com.my/Images/bank-public.jpg]
[ibet6888.demo.com.my/Images/bank-cimb-1.jpg]
[ibet6888.demo.com.my/Images/bank-hongleong.jpg]
[ibet6888.demo.com.my/Images/bank-rhb.jpg]
[ibet6888.demo.com.my/Images/bank-bsn.jpg]
[ibet6888.demo.com.my/Images/bank-ambank.jpg]
[ibet6888.demo.com.my/Images/wechatqrcode.jpg]
[ibet6888.demo.com.my/Images/Vcode.gif]
[ibet6888.demo.com.my/Scripts/detectmobilebrowser.js]
[ibet6888.demo.com.my/Scripts/pgw-browser.min.js]
[ibet6888.demo.com.my/Scripts/owl.carousel.min.js]
[ibet6888.demo.com.my/Scripts3_5/System/pgwbrowser.js]
[ibet6888.demo.com.my/Scripts3_5/System/Common.js]
[ibet6888.demo.com.my/Scripts3_5/UserDefine/VUC_MailModel.js]
[ibet6888.demo.com.my/Scripts3_5/Resource/en-us/Common.js]
[ibet6888.demo.com.my/Scripts3_5/Resource/en-us/SiteFloating.js]
[ibet6888.demo.com.my/Scripts3_5/Resource/en-us/VUC_MailModel.js]
[ibet6888.demo.com.my/Scripts3_5/UserDefine/SiteFloating_StaticPage.js]
[ibet6888.demo.com.my/Scripts3_5/Design/select.min.js]
[ibet6888.demo.com.my/Scripts/script-body3f56.js]
[ibet6888.demo.com.my/Scripts3_5/jquery.validate.js]
[ibet6888.demo.com.my/index.html]
[ibet6888.demo.com.my/index-2.html]
[ibet6888.demo.com.my/Css/bootstrap.mina5b6.css]
[ibet6888.demo.com.my/webfonts/fa-brands-400.woff2]
[ibet6888.demo.com.my/webfonts/fa-brands-400.woff]
[ibet6888.demo.com.my/webfonts/fa-brands-400.ttf]
[ibet6888.demo.com.my/webfonts/fa-regular-400.eot]
[ibet6888.demo.com.my/webfonts/fa-regular-400.woff2]
[ibet6888.demo.com.my/webfonts/fa-regular-400.woff]
[ibet6888.demo.com.my/webfonts/fa-regular-400d41d.eot]
[ibet6888.demo.com.my/webfonts/fa-regular-400.ttf]
[ibet6888.demo.com.my/webfonts/fa-solid-900.eot]
[ibet6888.demo.com.my/webfonts/fa-solid-900.woff2]
[ibet6888.demo.com.my/webfonts/fa-solid-900d41d.eot]
[ibet6888.demo.com.my/webfonts/fa-solid-900.woff]
[ibet6888.demo.com.my/webfonts/fa-solid-900.ttf]
[ibet6888.demo.com.my/Css/all3860.css]
[ibet6888.demo.com.my/Css/jquery.mmenu.all.css]
[ibet6888.demo.com.my/Css/icon-font.min.css]
[ibet6888.demo.com.my/Css/slick.css]
[ibet6888.demo.com.my/Css/slick-theme.min.css]
[ibet6888.demo.com.my/Css/bootstrap-select.min.css]
[ibet6888.demo.com.my/Css/owl.carousel.min.css]
[ibet6888.demo.com.my/Css/style805b.css]
[ibet6888.demo.com.my/index-3.html]
[ibet6888.demo.com.my/Images/24x24-icon_english.svg]
[ibet6888.demo.com.my/Images/24x24-icon_chinese.svg]
[ibet6888.demo.com.my/resource/img/en/in-banner01.jpg]
[ibet6888.demo.com.my/register.html]
[ibet6888.demo.com.my/allbet.html]
[ibet6888.demo.com.my/aztec.html]
[ibet6888.demo.com.my/gtsje.html]
[ibet6888.demo.com.my/live-casino.html]
[ibet6888.demo.com.my/sport-betting.html]
[ibet6888.demo.com.my/online-slots.html]
[ibet6888.demo.com.my/online-4d.html]
[ibet6888.demo.com.my/resource/img/in-banner04.jpg]
[ibet6888.demo.com.my/resource/img/download-app-ios.png]
[ibet6888.demo.com.my/resource/img/download-app-bg-qrcode.jpg]
[ibet6888.demo.com.my/resource/img/download-app-android.png]
[ibet6888.demo.com.my/resource/img/imgColor-1530.png]
[ibet6888.demo.com.my/resource/img/imgColor-1160.png]
[ibet6888.demo.com.my/resource/img/imgColor-1330.png]
[ibet6888.demo.com.my/resource/img/download-pc-1530.png]
[ibet6888.demo.com.my/resource/img/download-pc-1160.png]
[ibet6888.demo.com.my/resource/img/download-pc-1330.png]
[ibet6888.demo.com.my/resource/img/imgColor-1090.png]
[ibet6888.demo.com.my/resource/img/imgColor-1040.png]
[ibet6888.demo.com.my/resource/img/imgColor-1180.png]
[ibet6888.demo.com.my/resource/img/imgColor-1210.png]
[ibet6888.demo.com.my/resource/img/imgColor-1400.png]
[ibet6888.demo.com.my/resource/img/imgColor-1460.png]
[ibet6888.demo.com.my/resource/img/download-mobile-1530.png]
[ibet6888.demo.com.my/resource/img/download-mobile-1160.png]
[ibet6888.demo.com.my/resource/img/download-mobile-1090.png]
[ibet6888.demo.com.my/resource/img/download-mobile-1040.png]
[ibet6888.demo.com.my/resource/img/download-mobile-1180.png]
[ibet6888.demo.com.my/resource/img/download-mobile-1210.png]
[ibet6888.demo.com.my/resource/img/download-mobile-1400.png]
[ibet6888.demo.com.my/resource/img/download-mobile-1460.png]
[ibet6888.demo.com.my/resource/img/100x100-firefox.png]
[ibet6888.demo.com.my/resource/img/100x100-ie.png]
[ibet6888.demo.com.my/resource/img/100x100-chrome.png]
[ibet6888.demo.com.my/resource/img/100x100-flash.png]
[ibet6888.demo.com.my/resource/img/download-browser-firefox.png]
[ibet6888.demo.com.my/resource/img/download-browser-ie.png]
[ibet6888.demo.com.my/resource/img/download-browser-chrome.png]
[ibet6888.demo.com.my/resource/img/download-browser-flash.png]
[ibet6888.demo.com.my/download.html]
[ibet6888.demo.com.my/Scripts3_5/Design/jquery-3.1.0.min05770577.js]
[ibet6888.demo.com.my/Scripts3_5/M_Design/w305770577.js]
[ibet6888.demo.com.my/Scripts3_5/M_Design/jquery-3.1.0.min05770577.js]
[ibet6888.demo.com.my/Scripts3_5/M_Design/bootstrap3/bootstrap.min05770577.js]
[ibet6888.demo.com.my/Scripts3_5/M_Design/jquery.marquee.min05770577.js]
[ibet6888.demo.com.my/Scripts3_5/M_Design/im-modal05770577.js]
[ibet6888.demo.com.my/Scripts3_5/M_Design/jquery-block-ui.min05770577.js]
[ibet6888.demo.com.my/Scripts3_5/M_Design/form05770577.js]
[ibet6888.demo.com.my/Scripts3_5/M_Design/app05770577.js]
[ibet6888.demo.com.my/Scripts3_5/System/PollingAjax05770577.js]
[ibet6888.demo.com.my/Scripts3_5/System/pgwbrowser05770577.js]
[ibet6888.demo.com.my/Scripts3_5/System/M_Common05770577.js]
[ibet6888.demo.com.my/Scripts3_5/UserDefine/M_Flip05770577.js]
[ibet6888.demo.com.my/Scripts3_5/Resource/en-us/Common05770577.js]
[ibet6888.demo.com.my/Scripts3_5/M_Design/page/promotion05770577.js]
[ibet6888.demo.com.my/Scripts3_5/Resource/en-us/Promotion05770577.js]
[ibet6888.demo.com.my/FileUpload/promos-mobile-C-en-us.html]
[ibet6888.demo.com.my/zh/index.html]
[ibet6888.demo.com.my/Images/nav/icon_deposit-outline.svg]
[ibet6888.demo.com.my/Images/nav/icon_bonus-outline.svg]
[ibet6888.demo.com.my/Images/nav/icon_promotion-outline.svg]
[ibet6888.demo.com.my/Images/nav/icon_livechat-outline.svg]
[ibet6888.demo.com.my/Images/nav/icon_profile-outline.svg]
[ibet6888.demo.com.my/Images/favicon3860.ico]
[ibet6888.demo.com.my/common/img/favicon.ico]
[ibet6888.demo.com.my/common/plugin/vue.min.js]
[ibet6888.demo.com.my/common/plugin/jquery-2.1.4.min.js]
[ibet6888.demo.com.my/common/plugin/w3.js]
[ibet6888.demo.com.my/common/plugin/jquery.colorbox-min.js]
[ibet6888.demo.com.my/common/plugin/monent/monent-with-locales.min.js]
[ibet6888.demo.com.my/common/js/helper/uri.js]
[ibet6888.demo.com.my/common/js/app.min5e1f.js]
[ibet6888.demo.com.my/common/js/page/vip.js]
[ibet6888.demo.com.my/policy.html]
[ibet6888.demo.com.my/Images/logo_ibet-china.svg]
[ibet6888.demo.com.my/Scripts/jquery-1.10.min.js]
[ibet6888.demo.com.my/about.html]
[ibet6888.demo.com.my/Scripts/bundle.js]
[ibet6888.demo.com.my/termsCondition.html]
[ibet6888.demo.com.my/privacy.html]
[ibet6888.demo.com.my/en-blog/index.html]
[ibet6888.demo.com.my/deposit.html]
[ibet6888.demo.com.my/withdrawal.html]
[ibet6888.demo.com.my/Images/32x32-icon_footer-ie.svg]
[ibet6888.demo.com.my/Images/32x32-icon_footer-firefox.svg]
[ibet6888.demo.com.my/Images/32x32-icon_footer-chrome.svg]
[ibet6888.demo.com.my/Images/32x32-icon_footer-flash.svg]
[ibet6888.demo.com.my/Images/logo-pagcor.svg]
[ibet6888.demo.com.my/Images/gift.svg]
[ibet6888.demo.com.my/Images/headset.svg]
[ibet6888.demo.com.my/Images/wechat.svg]
[ibet6888.demo.com.my/Images/complaints.svg]
[ibet6888.demo.com.my/Images/call.svg]
[ibet6888.demo.com.my/webfonts/fa-brands-400.html]
[ibet6888.demo.com.my/webfonts/fa-brands-400d41d.html]
[ibet6888.demo.com.my/webfonts/fa-brands-400.svg]
[ibet6888.demo.com.my/webfonts/fa-regular-400.svg]
[ibet6888.demo.com.my/webfonts/fa-solid-900.svg]
[ibet6888.demo.com.my/Css/ajax-loader.html]
[ibet6888.demo.com.my/Css/fonts/slick.html]
[ibet6888.demo.com.my/Css/fonts/slickd41d.html]
[ibet6888.demo.com.my/Css/fonts/slick-2.html]
[ibet6888.demo.com.my/Css/fonts/slick-3.html]
[ibet6888.demo.com.my/Css/fonts/slick-4.html]
[ibet6888.demo.com.my/Css/owl.video.play.html]
[ibet6888.demo.com.my/Images/24x24-icon_gray-pc.html]
[ibet6888.demo.com.my/Images/24x24-icon_gray-download.html]
[ibet6888.demo.com.my/Images/24x24-icon_gray-apple.html]
[ibet6888.demo.com.my/Images/24x24-icon_gray-android.html]
[ibet6888.demo.com.my/Images/24x24-icon_gray-html5.html]
[ibet6888.demo.com.my/Images/nav/icon_homepage-outline.html]
[ibet6888.demo.com.my/Images/nav/icon_livecasino-outline.html]
[ibet6888.demo.com.my/Images/nav/icon_sports-outline.html]
[ibet6888.demo.com.my/Images/nav/icon_slot-outline.html]
[ibet6888.demo.com.my/Images/nav/icon_lottery-outline.html]
[ibet6888.demo.com.my/Images/nav/icon_download-outline.html]
[ibet6888.demo.com.my/Images/nav/icon_withdrawalst-outline.html]
[ibet6888.demo.com.my/Images/nav/icon_transfer-outline.html]
[ibet6888.demo.com.my/Images/nav/icon_message-outline.html]
[ibet6888.demo.com.my/Images/nav/icon_info-help-outline.html]
[ibet6888.demo.com.my/Images/nav/happy.html]
[ibet6888.demo.com.my/Images/nav/phone-call.html]
[ibet6888.demo.com.my/Images/icon_upload_blue.html]
[ibet6888.demo.com.my/Images/icon_arrow.html]
[ibet6888.demo.com.my/Images/icon_cancel_white.html]
[ibet6888.demo.com.my/Images/ad-bg.html]
[ibet6888.demo.com.my/Images/ad-close.html]
[ibet6888.demo.com.my/Images/logo-ibet-go.html]
[ibet6888.demo.com.my/Images/ad-md.html]
[ibet6888.demo.com.my/Images/ad-btn.html]
[ibet6888.demo.com.my/Images/zh/ad-btn.html]
[ibet6888.demo.com.my/Images/cancel-white.html]
[ibet6888.demo.com.my/Images/ad-live-leftbar-mobile.html]
[ibet6888.demo.com.my/Images/ad-live-leftbar.html]
[ibet6888.demo.com.my/resource/img/24x24-icon_phone.svg]
[ibet6888.demo.com.my/resource/img/apple.svg]
[ibet6888.demo.com.my/resource/img/android.svg]
[ibet6888.demo.com.my/M_Promotion/MobileMainPage963c963c.html]
[ibet6888.demo.com.my/Mobile/ContentStyle3_5/EK1688c_net/member/ibet/default/imgs/favicon/favicon.html]
[ibet6888.demo.com.my/font/fonts.html]
[ibet6888.demo.com.my/Mobile/ContentStyle3_5/EK1688c_net/member/common/default/plugins/bootstrap3/css/bootstrap.min05770577.html]
[ibet6888.demo.com.my/Mobile/ContentStyle3_5/EK1688c_net/member/common/default/plugins/bootstrap3/css/bootstrap-theme.min05770577.html]
[ibet6888.demo.com.my/Mobile/ContentStyle3_5/EK1688c_net/member/common/default/plugins/bootstrap3/css/google-material-design.min05770577.html]
[ibet6888.demo.com.my/Mobile/ContentStyle3_5/EK1688c_net/member/common/default/plugins/rangeslider.js-2.3.0/rangeslider05770577.html]
[ibet6888.demo.com.my/Mobile/ContentStyle3_5/EK1688c_net/member/common/default/style/css/style05770577.html]
[ibet6888.demo.com.my/Mobile/ContentStyle3_5/EK1688c_net/member/ibet/default/style/css/style05770577.html]
[ibet6888.demo.com.my/Mobile/ContentStyle3_5/EK1688c_net/member/ibet/en-us/style/css/style05770577.html]
[ibet6888.demo.com.my/www.googletagmanager.com/gtm54455445.html]
[ibet6888.demo.com.my/M_Promotion/Detail5c1b5c1b.html]
[ibet6888.demo.com.my/FileUpload/Promotions/1031df12-0a0a-44a3-934b-f8b0677b9377.html]
[ibet6888.demo.com.my/M_Promotion/Detail63f063f0.html]
[ibet6888.demo.com.my/FileUpload/Promotions/c8513fcd-2dd8-4e1a-87a8-fc4096df8513.html]
[ibet6888.demo.com.my/M_Promotion/Detail17dc17dc.html]
[ibet6888.demo.com.my/FileUpload/Promotions/03264422-7691-4805-8256-d20c47add8fc.html]
[ibet6888.demo.com.my/M_Promotion/Detaildfd3dfd3.html]
[ibet6888.demo.com.my/FileUpload/Promotions/40052a08-6ff2-46a8-90f6-300374ae4c30.html]
[ibet6888.demo.com.my/M_Promotion/Detail12d612d6.html]
[ibet6888.demo.com.my/FileUpload/Promotions/4d178417-0aa0-4dde-8923-744f430b3f75.html]
[ibet6888.demo.com.my/M_Promotion/Detail34a634a6.html]
[ibet6888.demo.com.my/FileUpload/Promotions/a52a517d-15e0-4b93-abe0-1e464a86b076.html]
[ibet6888.demo.com.my/M_Promotion/Detail2c3f2c3f.html]
[ibet6888.demo.com.my/FileUpload/Promotions/796a4923-6dc0-4354-8360-5b956b472240.html]
[ibet6888.demo.com.my/M_Promotion/Detail09670967.html]
[ibet6888.demo.com.my/FileUpload/Promotions/21ef76c1-8efc-4fe6-bc76-578d37820a91.html]
[ibet6888.demo.com.my/M_Promotion/Detail85f685f6.html]
[ibet6888.demo.com.my/FileUpload/Promotions/f1de2743-5df1-4370-b86c-de87be9f7ad9.html]
[ibet6888.demo.com.my/M_Promotion/Detail06c706c7.html]
[ibet6888.demo.com.my/FileUpload/Promotions/ac18c9e2-620f-4990-a58f-7bb1ece1bfb2.html]
[ibet6888.demo.com.my/M_Promotion/Detailaf4baf4b.html]
[ibet6888.demo.com.my/FileUpload/Promotions/ad3519d8-2e00-4223-8298-c5942d9482ad.html]
[ibet6888.demo.com.my/M_Promotion/Detail151d151d.html]
[ibet6888.demo.com.my/FileUpload/Promotions/c3325fd7-fb45-47e7-872f-8732cf3a4ac1.html]
[ibet6888.demo.com.my/M_Promotion/Detailbf6abf6a.html]
[ibet6888.demo.com.my/FileUpload/Promotions/6f265e3b-45c3-4bc0-b487-9f6f93ce75c0.html]
[ibet6888.demo.com.my/M_Promotion/Detaild437d437.html]
[ibet6888.demo.com.my/FileUpload/Promotions/4fd9962a-0e4e-4ed0-8d9e-60905d003651.html]
[ibet6888.demo.com.my/M_Promotion/Detaila108a108.html]
[ibet6888.demo.com.my/FileUpload/Promotions/38cf61b6-81be-4e33-be4c-efcd59400e3d.html]
[ibet6888.demo.com.my/M_Promotion/Detail569c569c.html]
[ibet6888.demo.com.my/FileUpload/Promotions/441e16f4-9136-46c0-956d-ac23b8ce5897.html]
[ibet6888.demo.com.my/M_Promotion/Detailed93ed93.html]
[ibet6888.demo.com.my/FileUpload/Promotions/5cd9eecb-9978-4ebd-ab55-5093a2f6bb0a.html]
[ibet6888.demo.com.my/M_Promotion/Detail2df32df3.html]
[ibet6888.demo.com.my/FileUpload/Promotions/b9b907d8-196b-41c1-9f30-75df8dc8cba7.html]
[ibet6888.demo.com.my/M_Promotion/Detail56255625.html]
[ibet6888.demo.com.my/FileUpload/Promotions/9dfd0fb8-8062-440f-8900-c9389fe339ca.html]
[ibet6888.demo.com.my/www.google-analytics.com/analytics.html]
[ibet6888.demo.com.my/common/plugin/bootstrap4/bootstrap.min.css]
[ibet6888.demo.com.my/common/style/font/fontawesome/fontawesome-webfont5b625b62.eot]
[ibet6888.demo.com.my/common/style/font/fontawesome/fontawesome-webfontd41dd41d.eot]
[ibet6888.demo.com.my/common/style/font/fontawesome/fontawesome-webfont5b625b62.woff2]
[ibet6888.demo.com.my/common/style/font/fontawesome/fontawesome-webfont5b625b62.woff]
[ibet6888.demo.com.my/common/style/font/fontawesome/fontawesome-webfont5b625b62.ttf]
[ibet6888.demo.com.my/common/img/colorbox/controls.png]
[ibet6888.demo.com.my/common/img/colorbox/border.png]
[ibet6888.demo.com.my/common/img/colorbox/loading_background.png]
[ibet6888.demo.com.my/common/img/colorbox/loading.gif]
[ibet6888.demo.com.my/common/style/css/vendor.min.css]
[ibet6888.demo.com.my/common/img/banner01-cn.jpg]
[ibet6888.demo.com.my/common/img/banner02-cn.jpg]
[ibet6888.demo.com.my/common/img/wechat-qrcode-cn.jpg]
[ibet6888.demo.com.my/common/img/logo-white-cn.png]
[ibet6888.demo.com.my/common/img/logo-my.png]
[ibet6888.demo.com.my/common/img/banner01-my.jpg]
[ibet6888.demo.com.my/common/img/banner02-my.jpg]
[ibet6888.demo.com.my/common/img/wechat-qrcode.jpg]
[ibet6888.demo.com.my/common/img/logo-white-my.png]
[ibet6888.demo.com.my/common/img/logo-hl8.png]
[ibet6888.demo.com.my/common/img/banner02-hl8.jpg]
[ibet6888.demo.com.my/common/img/logo-th.jpg]
[ibet6888.demo.com.my/common/img/line-qrcode.jpg]
[ibet6888.demo.com.my/common/img/logo-white-th.png]
[ibet6888.demo.com.my/common/img/join_vip_h1.jpg]
[ibet6888.demo.com.my/common/style/css/style3860.css]
[ibet6888.demo.com.my/en-us/img/banner01-my-en.jpg]
[ibet6888.demo.com.my/en-us/img/banner02-my-en.jpg]
[ibet6888.demo.com.my/en-us/img/banner02-hl8-en.jpg]
[ibet6888.demo.com.my/en-us/img/banner02-th-en.jpg]
[ibet6888.demo.com.my/en-us/style/css/style.css]
[ibet6888.demo.com.my/fonts/fontawesome-webfont5b625b62.eot]
[ibet6888.demo.com.my/fonts/fontawesome-webfontd41dd41d.eot]
[ibet6888.demo.com.my/fonts/fontawesome-webfont5b625b62.woff2]
[ibet6888.demo.com.my/fonts/fontawesome-webfont5b625b62.woff]
[ibet6888.demo.com.my/fonts/fontawesome-webfont5b625b62.ttf]
[ibet6888.demo.com.my/Css/vendor.min.css]
[ibet6888.demo.com.my/Images/logo_white.png]
[ibet6888.demo.com.my/Css/layout.min3f56.css]
[ibet6888.demo.com.my/Images/about/bg-provide1.png]
[ibet6888.demo.com.my/Images/about/bg-provide2.png]
[ibet6888.demo.com.my/Images/about/bg-provide3.png]
[ibet6888.demo.com.my/Images/about/bg-provide4.png]
[ibet6888.demo.com.my/Images/about/bg-provide5.png]
[ibet6888.demo.com.my/Css/about.css]
[ibet6888.demo.com.my/FAQ.html]
[ibet6888.demo.com.my/reponsible.html]
[ibet6888.demo.com.my/common/style/font/fontawesome/fontawesome-webfont5b625b62.svg]
[ibet6888.demo.com.my/common/img/icon/info-white.svg]
[ibet6888.demo.com.my/common/img/icon/info-blue.svg]
[ibet6888.demo.com.my/common/style/images/icon_emerald.html]
[ibet6888.demo.com.my/common/style/images/icon_ruby.html]
[ibet6888.demo.com.my/common/style/images/icon_diamond.html]
[ibet6888.demo.com.my/common/style/images/icon_black.html]
[ibet6888.demo.com.my/common/img/icon_vip-1.svg]
[ibet6888.demo.com.my/common/img/icon_vip-2.svg]
[ibet6888.demo.com.my/common/img/icon_vip-3.svg]
[ibet6888.demo.com.my/common/img/icon_vip-4.svg]
[ibet6888.demo.com.my/common/img/icon_vip-5.svg]
[ibet6888.demo.com.my/en-us/img/banner01-th-en.html]
[ibet6888.demo.com.my/fonts/fontawesome-webfont5b625b62.svg]
